// Jest Snapshot v1, https://goo.gl/fbAQLP

exports[`render 1`] = `
<div>
  <nav
    class="header_contaienr navbar navbar-expand navbar-light sticky-top"
  >
    <div
      class="container"
    >
      <a
        class="font-weight-bold mob_brand text-secondary navbar-brand"
        href="/"
        title="Home"
      >
        Gallery
      </a>
      <div
        class="ml-auto h4_heading mob_nav_bar  navbar-nav"
      >
        <img
          alt="profile image"
          class="header_image"
          src="https://avatars2.githubusercontent.com/u/50172413?s=400&u=0573967b786828dda99a1efb64dff093fb654f08&v=4"
          title="Profile Image"
        />
      </div>
    </div>
  </nav>
</div>
`;
